2026-08-05T14:12:33Z INF Thank you for trying Cloudflare Tunnel. Doing so, without a Cloudflare account, is a quick way to experiment and try it out. However, be aware that these account-less Tunnels have no uptime guarantee, are subject to the Cloudflare Online Services Terms of Use (https://www.cloudflare.com/website-terms/), and Cloudflare reserves the right to investigate your use of Tunnels for violations of such terms. If you intend to use Tunnels in production you should use a pre-created named tunnel by following: https://developers.cloudflare.com/cloudflare-one/connections/connect-apps
2026-08-05T14:12:34Z INF Requesting new quick Tunnel on trycloudflare.com...
2026-08-05T14:12:38Z INF +--------------------------------------------------------------------------------------------+
2026-08-05T14:12:38Z INF |  Your quick Tunnel has been created! Visit it at (it may take some time to be reachable):  |
2026-08-05T14:12:38Z INF |  https://played-markets-thereafter-conditions.trycloudflare.com                            |
2026-08-05T14:12:38Z INF +--------------------------------------------------------------------------------------------+
2026-08-05T14:12:38Z INF Cannot determine default configuration path. No file [config.yml config.yaml] in [~/.cloudflared ~/.cloudflare-warp ~/cloudflare-warp]
2026-08-05T14:12:38Z INF Version 2026.6.1 (Checksum 5253e66f1f493c4e13539749f1aa86fd0c61e3072900fec29a44ba046a6d97e2)
2026-08-05T14:12:38Z INF GOOS: windows, GOVersion: go1.26.4, GoArch: amd64
2026-08-05T14:12:38Z INF Settings: map[ha-connections:1 http-host-header:localhost:8787 no-autoupdate:true protocol:quic url:http://localhost:8787/]
2026-08-05T14:12:38Z INF cloudflared will not automatically update on Windows systems.
2026-08-05T14:12:38Z INF Generated Connector ID: 188db1bf-2add-4ab2-a64a-aa605d9075ac
2026-08-05T14:12:38Z INF Initial protocol quic
2026-08-05T14:12:38Z INF ICMP proxy will use 192.168.1.160 as source for IPv4
2026-08-05T14:12:38Z INF ICMP proxy will use fe80::9ed0:9c09:7e9f:dc8c in zone Ethernet as source for IPv6
2026-08-05T14:12:38Z INF cloudflared does not support loading the system root certificate pool on Windows. Please use --origin-ca-pool <PATH> to specify the path to the certificate pool
2026-08-05T14:12:38Z INF ICMP proxy will use 192.168.1.160 as source for IPv4
2026-08-05T14:12:38Z INF Tunnel connection curve preferences: [X25519MLKEM768 CurveID(65074) CurveP256] connIndex=0 event=0 ip=198.41.192.167
2026-08-05T14:12:38Z INF ICMP proxy will use fe80::9ed0:9c09:7e9f:dc8c in zone Ethernet as source for IPv6
2026-08-05T14:12:38Z INF Starting metrics server on 127.0.0.1:20241/metrics
2026-08-05T14:12:38Z INF +-------------------------------------------------------------------------------------+
2026-08-05T14:12:38Z INF |                               CONNECTIVITY PRE-CHECKS                               |
2026-08-05T14:12:38Z INF +-------------------------------------------------------------------------------------+
2026-08-05T14:12:38Z INF |  COMPONENT         TARGET                     STATUS  DETAILS                       |
2026-08-05T14:12:38Z INF |  DNS Resolution    region1.v2.argotunnel.com  PASS    DNS Resolved successfully     |
2026-08-05T14:12:38Z INF |  DNS Resolution    region2.v2.argotunnel.com  PASS    DNS Resolved successfully     |
2026-08-05T14:12:38Z INF |  UDP Connectivity  region1.v2.argotunnel.com  PASS    QUIC connection successful    |
2026-08-05T14:12:38Z INF |  UDP Connectivity  region2.v2.argotunnel.com  PASS    QUIC connection successful    |
2026-08-05T14:12:38Z INF |  TCP Connectivity  region1.v2.argotunnel.com  PASS    HTTP/2 connection successful  |
2026-08-05T14:12:38Z INF |  TCP Connectivity  region2.v2.argotunnel.com  PASS    HTTP/2 connection successful  |
2026-08-05T14:12:38Z INF |  Cloudflare API    api.cloudflare.com:443     PASS    API is reachable              |
2026-08-05T14:12:38Z INF |                                                                                     |
2026-08-05T14:12:38Z INF |  SUMMARY: Environment is healthy. cloudflared will use 'quic' as primary protocol.  |
2026-08-05T14:12:38Z INF +-------------------------------------------------------------------------------------+
2026-08-05T14:12:38Z INF precheck component="DNS Resolution" details="DNS Resolved successfully" run_id=9e57b0a0-7cbd-4188-8510-6d32aad903d9 status=pass target=region1.v2.argotunnel.com
2026-08-05T14:12:38Z INF precheck component="DNS Resolution" details="DNS Resolved successfully" run_id=9e57b0a0-7cbd-4188-8510-6d32aad903d9 status=pass target=region2.v2.argotunnel.com
2026-08-05T14:12:38Z INF precheck component="UDP Connectivity" details="QUIC connection successful" run_id=9e57b0a0-7cbd-4188-8510-6d32aad903d9 status=pass target=region1.v2.argotunnel.com
2026-08-05T14:12:38Z INF precheck component="UDP Connectivity" details="QUIC connection successful" run_id=9e57b0a0-7cbd-4188-8510-6d32aad903d9 status=pass target=region2.v2.argotunnel.com
2026-08-05T14:12:38Z INF precheck component="TCP Connectivity" details="HTTP/2 connection successful" run_id=9e57b0a0-7cbd-4188-8510-6d32aad903d9 status=pass target=region1.v2.argotunnel.com
2026-08-05T14:12:38Z INF precheck component="TCP Connectivity" details="HTTP/2 connection successful" run_id=9e57b0a0-7cbd-4188-8510-6d32aad903d9 status=pass target=region2.v2.argotunnel.com
2026-08-05T14:12:38Z INF precheck component="Cloudflare API" details="API is reachable" run_id=9e57b0a0-7cbd-4188-8510-6d32aad903d9 status=pass target=api.cloudflare.com:443
2026-08-05T14:12:38Z INF precheck complete hard_fail=false run_id=9e57b0a0-7cbd-4188-8510-6d32aad903d9 suggested_protocol=quic
2026-08-05T14:12:38Z INF Registered tunnel connection connIndex=0 connection=f2c53318-d258-45ff-ac56-e7dad34c3970 event=0 ip=198.41.192.167 location=gru07 protocol=quic
2026-08-05T20:30:20Z INF Initiating graceful shutdown due to signal terminated ...
2026-08-05T20:30:20Z ERR failed to run the datagram handler error="context canceled" connIndex=0 event=0 ip=198.41.192.167
2026-08-05T20:30:20Z ERR failed to serve tunnel connection error="accept stream listener encountered a failure while serving" connIndex=0 event=0 ip=198.41.192.167
2026-08-05T20:30:20Z ERR Serve tunnel error error="accept stream listener encountered a failure while serving" connIndex=0 event=0 ip=198.41.192.167
2026-08-05T20:30:20Z INF Retrying connection in up to 1s connIndex=0 event=0 ip=198.41.192.167
2026-08-05T20:30:20Z ERR Connection terminated connIndex=0
2026-08-05T20:30:20Z ERR no more connections active and exiting
2026-08-05T20:30:20Z INF Tunnel server stopped
2026-08-05T20:30:20Z INF Metrics server stopped
